Loading SMT2020_HVLM for 30 days, using fifo
Starting simulation with dispatching rule

Day 1===Throughput: 57/day=Day 2===Throughput: 63/day=Day 3===Throughput: 65/day=Day 4===Throughput: 64/day=Day 5===Throughput: 64/day=Day 6===Throughput: 65/day=Day 7===Throughput: 62/day=Day 8===Throughput: 61/day=Day 9===Throughput: 61/day=Day 10===Throughput: 62/day=Day 11===Throughput: 61/day=Day 12===Throughput: 60/day=Day 13===Throughput: 61/day=Day 14===Throughput: 59/day=Day 15===Throughput: 59/day=Day 16===Throughput: 60/day=Day 17===Throughput: 60/day=Day 18===Throughput: 60/day=Day 19===Throughput: 60/day=Day 20===Throughput: 60/day=Day 21===Throughput: 60/day=Day 22===Throughput: 60/day=Day 23===Throughput: 59/day=Day 24===Throughput: 60/day=Day 25===Throughput: 60/day=Day 26===Throughput: 60/day=Day 27===Throughput: 60/day=Day 28===Throughput: 59/day=Day 29===Throughput: 60/day=Day 30===Throughput: 59/day=30.000051993711264  days simulated in  0:00:31.875582
Lot APT DL ACT TH ONTIME tardiness wa pr tr
HotLot_3 24.7 33.3 31.9 21 86 101516.0077217255 1.3406774883283343 0.3699894949504336 11.928516626263784 1.2608021872071207
HotLot_4 14.5 19.6 18.3 22 95 37047.16591912042 0.9995879374883224 0.2715513369654857 10.103166912279471 1.0690647932167667
Lot_3 24.7 53.8 49.1 859 98 2322138.766033104 6.56211254101128 0.10962167242373698 7.203795604850367 0.8273443994000741
Lot_4 14.5 30.3 27.7 857 97 2656078.5685460297 5.55516067727568 0.17492499315955423 7.561065211229597 0.8232463588066593
SuperHotLot_3 24.7 33.2 31.3 2 100 0 1.194190305978993 0.3988551155847795 9.979394385432384 1.0172480207737913
---------------
31.65 352.2 95.2
158.25 1761 476
Machine Cnt availutil br pm setup
DE_BE_11 10 90.84 91.14 1.96 7.21 0.0
DE_BE_12 9 91.28 87.62 1.76 6.97 0.0
DE_BE_13 21 89.94 88.15 3.26 6.8 0.9
DE_BE_48 10 92.21 88.37 2.14 5.64 0.0
DE_BE_50 9 91.7 83.4 2.02 6.29 0.0
DE_BE_65 17 91.78 86.72 1.83 6.39 0.0
DE_BE_66 19 90.58 88.71 2.53 6.89 1.06
DE_BE_67 10 89.83 94.19 2.86 7.3 0.0
DE_BE_69 2 91.81 76.17 3.37 4.82 0.0
DE_FE_1 7 93.68 81.65 1.79 4.54 0.0
DE_FE_51 19 91.18 85.6 2.73 6.08 0.0
DE_FE_53 5 90.43 73.3 3.27 6.3 0.0
DE_FE_54 5 92.63 84.94 1.38 6.0 0.0
DE_FE_56 2 90.88 81.26 3.38 5.75 0.0
DE_FE_58 3 92.04 64.91 1.37 6.59 0.0
DE_FE_59 15 91.4 88.35 2.13 6.47 0.0
DE_FE_62 14 91.08 88.05 2.85 6.07 0.0
DE_FE_70 13 92.74 85.15 1.98 5.29 0.0
DE_FE_71 28 92.12 84.13 2.19 5.7 0.0
DE_FE_72 9 91.33 90.84 2.12 6.55 0.0
DE_FE_86 135 91.57 87.59 2.23 6.2 0.0
DefMEt_FE_118 2 97.87 71.23 0.19 1.94 0.0
DefMet_BE_33 2 97.75 24.92 0.29 1.96 0.0
DefMet_BE_42 1 97.78 45.72 0.27 1.95 0.0
DefMet_FE_10 2 99.54 80.66 0.46 0.0 0.0
DefMet_FE_106 1 97.92 2.91 0.29 1.79 0.0
DefMet_FE_34 2 99.55 59.48 0.45 0.0 0.0
DefMet_FE_43 6 97.63 77.54 0.47 1.9 0.0
Delay_32 400 100.0 29.7 0.0 0.0 0.0
Dielectric_BE_20 5 86.6 84.2 3.76 9.64 0.0
Dielectric_BE_21 8 83.82 88.29 6.37 9.81 0.0
Dielectric_BE_27 15 82.81 86.63 7.05 10.14 0.0
Dielectric_BE_28 4 88.22 76.94 3.95 7.83 0.0
Dielectric_BE_60 4 86.49 76.17 4.59 8.93 0.0
Dielectric_FE_112 10 85.9 84.83 4.28 9.82 0.0
Dielectric_FE_130 4 80.85 90.07 7.99 11.15 0.0
Dielectric_FE_29 3 80.55 80.73 8.76 10.69 0.0
Dielectric_FE_30 2 88.71 67.04 3.77 7.52 0.0
Dielectric_FE_31 4 79.2 86.06 11.64 9.16 0.0
Diffusion_BE_123 12 95.35 74.38 1.08 3.56 0.0
Diffusion_FE_100 2 95.15 70.4 0.95 3.9 0.0
Diffusion_FE_101 7 98.96 78.96 1.04 0.0 0.0
Diffusion_FE_120 11 94.42 71.21 1.93 3.64 0.0
Diffusion_FE_122 5 95.15 78.72 1.26 3.59 0.0
Diffusion_FE_125 4 98.45 54.56 1.55 0.0 0.0
Diffusion_FE_126 3 95.07 67.39 1.2 3.73 0.0
Diffusion_FE_127 9 94.63 71.45 1.64 3.72 0.0
Diffusion_FE_44 11 94.71 71.24 1.58 3.71 0.0
Diffusion_FE_94 11 98.41 69.63 1.59 0.0 0.0
EPI_36 2 89.83 18.24 2.15 8.01 0.0
EPI_38 1 76.3 52.25 12.59 11.11 0.0
Implant_119 2 84.26 49.61 4.46 11.28 8.19
Implant_128 10 86.18 68.59 5.27 8.55 18.4
Implant_132 8 86.46 71.57 3.92 9.62 12.36
Implant_74 2 86.51 17.8 4.46 9.03 0.0
Implant_88 2 78.0 41.73 13.0 9.0 0.0
Implant_90 2 81.63 59.44 7.2 11.16 8.47
Implant_91 6 81.47 68.83 8.2 10.33 15.43
LithoMet_BE_18 13 99.53 92.42 0.47 0.0 0.0
LithoMet_FE_19 18 97.7 90.01 0.4 1.9 0.0
LithoTrack_BE_117 5 87.96 93.83 8.29 3.75 0.0
LithoTrack_FE_115 51 89.95 87.49 6.34 3.71 4.02
LithoTrack_FE_95 49 90.22 84.07 6.11 3.67 7.04
LithoTrack_FE_96 2 88.8 53.29 5.65 5.55 0.0
Litho_BE_110 28 87.22 100.24 7.27 5.51 0.0
Litho_BE_93 3 87.7 82.09 8.63 3.68 0.0
Litho_BE_99 3 89.22 96.9 5.18 5.6 0.0
Litho_FE_111 22 88.79 93.38 5.68 5.54 0.0
Litho_FE_35 2 88.35 60.96 8.06 3.59 0.0
Litho_FE_92 33 88.48 93.87 6.0 5.52 0.0
Litho_FE_98 5 88.37 93.67 7.92 3.71 0.0
Litho_REG_BE_63 8 97.73 91.69 0.32 1.95 0.0
Litho_REG_FE_64 14 99.63 85.56 0.37 0.0 0.0
Planar_BE_75 20 84.87 69.64 2.19 12.94 0.0
Planar_FE_76 3 87.04 62.16 1.81 11.15 0.0
Planar_FE_77 2 84.77 71.25 1.41 13.83 0.0
Planar_FE_78 2 86.89 40.89 1.28 11.83 0.0
Planar_FE_79 5 85.85 70.74 2.18 11.97 0.0
Planar_FE_80 2 85.69 32.54 1.2 13.11 0.0
TF_BE_2 4 90.55 60.86 3.16 6.3 0.0
TF_BE_23 19 88.56 84.38 3.65 7.79 0.0
TF_BE_24 5 86.22 71.73 5.67 8.11 0.0
TF_BE_26 15 89.39 78.75 3.07 7.54 0.0
TF_BE_40 24 88.3 81.97 3.97 7.73 0.0
TF_FE_103 4 85.59 85.2 6.02 8.39 0.0
TF_FE_104 5 85.12 85.29 6.62 8.27 0.0
TF_FE_113 2 90.42 74.6 4.75 4.83 0.0
TF_FE_131 6 89.62 79.67 3.83 6.55 0.0
TF_FE_3 2 88.14 81.91 3.43 8.43 0.0
TF_FE_5 4 88.93 61.71 3.55 7.52 0.0
TF_Met_FE_45 2 98.02 15.92 0.1 1.88 0.0
TF_Met_FE_61 2 99.77 73.77 0.23 0.0 0.0
WE_BE_14 5 92.2 74.71 1.72 6.08 0.0
WE_BE_16 9 90.6 87.4 2.68 6.72 0.0
WE_BE_17 2 94.39 79.75 1.04 4.58 0.0
WE_BE_7 1 92.69 28.34 0.36 6.96 0.0
WE_BE_81 3 92.64 68.01 1.32 6.04 0.0
WE_BE_82 10 90.59 86.8 2.53 6.89 0.0
WE_BE_9 7 90.47 84.17 2.51 7.02 0.0
WE_FE_108 35 91.94 82.93 2.15 5.91 0.0
WE_FE_41 5 92.02 82.19 2.7 5.29 0.0
WE_FE_47 6 91.68 75.18 2.94 5.38 0.0
WE_FE_8 2 93.72 74.51 2.33 3.95 0.0
WE_FE_83 7 92.23 82.47 1.4 6.37 0.0
WE_FE_84 18 92.74 82.18 1.77 5.49 0.0
WE_FE_85 2 89.9 66.46 2.97 7.13 0.0


